{
    "RunSummary": {
        "RqstRatePerSec": 8594.350933131653,
        "RunDuration": 1396266,
        "RunDurationStr": "1.396266ms",
        "RqstStats": {
            "TotalRqsts": 12,
            "TotalRequestDurationStr": "8s",
            "MaxRqstDurationStr": "1.75s",
            "NormalizedMaxRqstDurationStr": "",
            "MinRqstDurationStr": "100ms",
            "AvgRqstDurationStr": "666.666666ms",
            "TotalRequestDuration": 8000000000,
            "MaxRqstDuration": 1750000000,
            "NormalizedMaxRqstDuration": 0,
            "MinRqstDuration": 100000000,
            "AvgRqstDuration": 666666666
        }
    },
    "EndpointSummary": {
        "http://someurl/1": {
            "GET": 1,
            "PUT": 2
        },
        "http://someurl/2": {
            "POST": 1
        },
        "http://someurl/3": {
            "DELETE": 1,
            "GET": 2,
            "POST": 1,
            "PUT": 4
        }
    },
    "EndpointDetails": {
        "http://someurl/1": {
            "URL": "http://someurl/1",
            "HTTPMethodStatusDist": {
                "GET": {
                    "404": 1
                },
                "PUT": {
                    "202": 2
                }
            },
            "HTTPMethodRqstStats": {
                "GET": {
                    "TotalRqsts": 1,
                    "TotalRequestDurationStr": "100ms",
                    "MaxRqstDurationStr": "100ms",
                    "NormalizedMaxRqstDurationStr": "",
                    "MinRqstDurationStr": "100ms",
                    "AvgRqstDurationStr": "100ms",
                    "TotalRequestDuration": 100000000,
                    "MaxRqstDuration": 100000000,
                    "NormalizedMaxRqstDuration": 0,
                    "MinRqstDuration": 100000000,
                    "AvgRqstDuration": 100000000
                },
                "PUT": {
                    "TotalRqsts": 2,
                    "TotalRequestDurationStr": "1.5s",
                    "MaxRqstDurationStr": "1s",
                    "NormalizedMaxRqstDurationStr": "",
                    "MinRqstDurationStr": "500ms",
                    "AvgRqstDurationStr": "750ms",
                    "TotalRequestDuration": 1500000000,
                    "MaxRqstDuration": 1000000000,
                    "NormalizedMaxRqstDuration": 0,
                    "MinRqstDuration": 500000000,
                    "AvgRqstDuration": 750000000
                }
            }
        },
        "http://someurl/2": {
            "URL": "http://someurl/2",
            "HTTPMethodStatusDist": {
                "POST": {
                    "201": 1
                }
            },
            "HTTPMethodRqstStats": {
                "POST": {
                    "TotalRqsts": 1,
                    "TotalRequestDurationStr": "250ms",
                    "MaxRqstDurationStr": "250ms",
                    "NormalizedMaxRqstDurationStr": "",
                    "MinRqstDurationStr": "250ms",
                    "AvgRqstDurationStr": "250ms",
                    "TotalRequestDuration": 250000000,
                    "MaxRqstDuration": 250000000,
                    "NormalizedMaxRqstDuration": 0,
                    "MinRqstDuration": 250000000,
                    "AvgRqstDuration": 250000000
                }
            }
        },
        "http://someurl/3": {
            "URL": "http://someurl/3",
            "HTTPMethodStatusDist": {
                "DELETE": {
                    "200": 1
                },
                "GET": {
                    "200": 2
                },
                "POST": {
                    "201": 1
                },
                "PUT": {
                    "200": 4
                }
            },
            "HTTPMethodRqstStats": {
                "DELETE": {
                    "TotalRqsts": 1,
                    "TotalRequestDurationStr": "900ms",
                    "MaxRqstDurationStr": "900ms",
                    "NormalizedMaxRqstDurationStr": "",
                    "MinRqstDurationStr": "900ms",
                    "AvgRqstDurationStr": "900ms",
                    "TotalRequestDuration": 900000000,
                    "MaxRqstDuration": 900000000,
                    "NormalizedMaxRqstDuration": 0,
                    "MinRqstDuration": 900000000,
                    "AvgRqstDuration": 900000000
                },
                "GET": {
                    "TotalRqsts": 2,
                    "TotalRequestDurationStr": "1s",
                    "MaxRqstDurationStr": "750ms",
                    "NormalizedMaxRqstDurationStr": "",
                    "MinRqstDurationStr": "250ms",
                    "AvgRqstDurationStr": "500ms",
                    "TotalRequestDuration": 1000000000,
                    "MaxRqstDuration": 750000000,
                    "NormalizedMaxRqstDuration": 0,
                    "MinRqstDuration": 250000000,
                    "AvgRqstDuration": 500000000
                },
                "POST": {
                    "TotalRqsts": 1,
                    "TotalRequestDurationStr": "250ms",
                    "MaxRqstDurationStr": "250ms",
                    "NormalizedMaxRqstDurationStr": "",
                    "MinRqstDurationStr": "250ms",
                    "AvgRqstDurationStr": "250ms",
                    "TotalRequestDuration": 250000000,
                    "MaxRqstDuration": 250000000,
                    "NormalizedMaxRqstDuration": 0,
                    "MinRqstDuration": 250000000,
                    "AvgRqstDuration": 250000000
                },
                "PUT": {
                    "TotalRqsts": 4,
                    "TotalRequestDurationStr": "4s",
                    "MaxRqstDurationStr": "1.75s",
                    "NormalizedMaxRqstDurationStr": "",
                    "MinRqstDurationStr": "250ms",
                    "AvgRqstDurationStr": "1s",
                    "TotalRequestDuration": 4000000000,
                    "MaxRqstDuration": 1750000000,
                    "NormalizedMaxRqstDuration": 0,
                    "MinRqstDuration": 250000000,
                    "AvgRqstDuration": 1000000000
                }
            }
        }
    }
}