{
    "RunSummary": {
        "RqstRatePerSec": 11098.358275352119,
        "RunDurationNanos": 1081241,
        "RqstStats": {
            "TimingResultsNanos": [
                100000000,
                1000000000,
                500000000,
                250000000,
                250000000,
                250000000,
                750000000,
                250000000,
                750000000,
                1250000000,
                1750000000,
                900000000
            ],
            "TotalRqsts": 12,
            "TotalRequestDurationNanos": 8000000000,
            "MaxRqstDurationNanos": 1750000000,
            "NormalizedMaxRqstDurationNanos": 0,
            "MinRqstDurationNanos": 100000000,
            "AvgRqstDurationNanos": 666666666
        },
        "DNSLookupNanos": null,
        "TCPConnSetupNanos": null,
        "RqstRoundTripNanos": null,
        "TLSHandshakeNanos": null
    },
    "EndpointSummary": {
        "http://someurl/1": {
            "GET": 1,
            "PUT": 2
        },
        "http://someurl/2": {
            "POST": 1
        },
        "http://someurl/3": {
            "DELETE": 1,
            "GET": 2,
            "POST": 1,
            "PUT": 4
        }
    },
    "EndpointDetails": {
        "http://someurl/1": {
            "URL": "http://someurl/1",
            "HTTPMethodStatusDist": {
                "GET": {
                    "404": 1
                },
                "PUT": {
                    "202": 2
                }
            },
            "HTTPMethodRqstStats": {
                "GET": {
                    "TimingResultsNanos": [
                        100000000
                    ],
                    "TotalRqsts": 1,
                    "TotalRequestDurationNanos": 100000000,
                    "MaxRqstDurationNanos": 100000000,
                    "NormalizedMaxRqstDurationNanos": 0,
                    "MinRqstDurationNanos": 100000000,
                    "AvgRqstDurationNanos": 100000000
                },
                "PUT": {
                    "TimingResultsNanos": [
                        1000000000,
                        500000000
                    ],
                    "TotalRqsts": 2,
                    "TotalRequestDurationNanos": 1500000000,
                    "MaxRqstDurationNanos": 1000000000,
                    "NormalizedMaxRqstDurationNanos": 0,
                    "MinRqstDurationNanos": 500000000,
                    "AvgRqstDurationNanos": 750000000
                }
            }
        },
        "http://someurl/2": {
            "URL": "http://someurl/2",
            "HTTPMethodStatusDist": {
                "POST": {
                    "201": 1
                }
            },
            "HTTPMethodRqstStats": {
                "POST": {
                    "TimingResultsNanos": [
                        250000000
                    ],
                    "TotalRqsts": 1,
                    "TotalRequestDurationNanos": 250000000,
                    "MaxRqstDurationNanos": 250000000,
                    "NormalizedMaxRqstDurationNanos": 0,
                    "MinRqstDurationNanos": 250000000,
                    "AvgRqstDurationNanos": 250000000
                }
            }
        },
        "http://someurl/3": {
            "URL": "http://someurl/3",
            "HTTPMethodStatusDist": {
                "DELETE": {
                    "200": 1
                },
                "GET": {
                    "200": 2
                },
                "POST": {
                    "201": 1
                },
                "PUT": {
                    "200": 4
                }
            },
            "HTTPMethodRqstStats": {
                "DELETE": {
                    "TimingResultsNanos": [
                        900000000
                    ],
                    "TotalRqsts": 1,
                    "TotalRequestDurationNanos": 900000000,
                    "MaxRqstDurationNanos": 900000000,
                    "NormalizedMaxRqstDurationNanos": 0,
                    "MinRqstDurationNanos": 900000000,
                    "AvgRqstDurationNanos": 900000000
                },
                "GET": {
                    "TimingResultsNanos": [
                        250000000,
                        750000000
                    ],
                    "TotalRqsts": 2,
                    "TotalRequestDurationNanos": 1000000000,
                    "MaxRqstDurationNanos": 750000000,
                    "NormalizedMaxRqstDurationNanos": 0,
                    "MinRqstDurationNanos": 250000000,
                    "AvgRqstDurationNanos": 500000000
                },
                "POST": {
                    "TimingResultsNanos": [
                        250000000
                    ],
                    "TotalRqsts": 1,
                    "TotalRequestDurationNanos": 250000000,
                    "MaxRqstDurationNanos": 250000000,
                    "NormalizedMaxRqstDurationNanos": 0,
                    "MinRqstDurationNanos": 250000000,
                    "AvgRqstDurationNanos": 250000000
                },
                "PUT": {
                    "TimingResultsNanos": [
                        250000000,
                        750000000,
                        1250000000,
                        1750000000
                    ],
                    "TotalRqsts": 4,
                    "TotalRequestDurationNanos": 4000000000,
                    "MaxRqstDurationNanos": 1750000000,
                    "NormalizedMaxRqstDurationNanos": 0,
                    "MinRqstDurationNanos": 250000000,
                    "AvgRqstDurationNanos": 1000000000
                }
            }
        }
    }
}